// Vitest Snapshot v1, https://vitest.dev/guide/snapshot.html

exports[`populationLoading > matches snapshot 1`] = `
"<div class="h-100 flex flex-col items-center justify-center text-gray-4"><span class="i-ph-person-arms-spread mb-3 animate-bounce text-3xl"></span>
  <p data-testid="loading-text"> 読み込み中... </p>
</div>"
`;
